#Packing pin usage report
Type: io
	Input Pin Usage:
		Max: 1.00 (0.50)
		Avg: 0.70 (0.35)
		Min: 0.00 (0.00)
		Histogram:
		[        0:      0.2)  52 ( 29.9%) |********************
		[      0.2:      0.4)   0 (  0.0%) |
		[      0.4:      0.6)   0 (  0.0%) |
		[      0.6:      0.8)   0 (  0.0%) |
		[      0.8:        1) 122 ( 70.1%) |***********************************************
		[        1:      1.2)   0 (  0.0%) |
		[      1.2:      1.4)   0 (  0.0%) |
		[      1.4:      1.6)   0 (  0.0%) |
		[      1.6:      1.8)   0 (  0.0%) |
		[      1.8:        2)   0 (  0.0%) |
	Output Pin Usage:
		Max: 1.00 (1.00)
		Avg: 0.30 (0.30)
		Min: 0.00 (0.00)
		Histogram:
		[        0:      0.1) 122 ( 70.1%) |***********************************************
		[      0.1:      0.2)   0 (  0.0%) |
		[      0.2:      0.3)   0 (  0.0%) |
		[      0.3:      0.4)   0 (  0.0%) |
		[      0.4:      0.5)   0 (  0.0%) |
		[      0.5:      0.6)   0 (  0.0%) |
		[      0.6:      0.7)   0 (  0.0%) |
		[      0.7:      0.8)   0 (  0.0%) |
		[      0.8:      0.9)   0 (  0.0%) |
		[      0.9:        1)  52 ( 29.9%) |********************

Type: clb
	Input Pin Usage:
		Max: 43.00 (0.80)
		Avg: 23.00 (0.43)
		Min: 4.00 (0.07)
		Histogram:
		[        0:      5.4)  1 (  1.8%) |***
		[      5.4:       11)  2 (  3.6%) |*****
		[       11:       16) 11 ( 20.0%) |*****************************
		[       16:       22)  8 ( 14.5%) |*********************
		[       22:       27) 18 ( 32.7%) |************************************************
		[       27:       32)  7 ( 12.7%) |*******************
		[       32:       38)  4 (  7.3%) |***********
		[       38:       43)  4 (  7.3%) |***********
		[       43:       49)  0 (  0.0%) |
		[       49:       54)  0 (  0.0%) |
	Output Pin Usage:
		Max: 18.00 (0.86)
		Avg: 9.40 (0.45)
		Min: 1.00 (0.05)
		Histogram:
		[        0:      2.1)  1 (  1.8%) |****
		[      2.1:      4.2)  2 (  3.6%) |*********
		[      4.2:      6.3) 11 ( 20.0%) |************************************************
		[      6.3:      8.4) 10 ( 18.2%) |********************************************
		[      8.4:       10)  9 ( 16.4%) |***************************************
		[       10:       13) 11 ( 20.0%) |************************************************
		[       13:       15)  5 (  9.1%) |**********************
		[       15:       17)  4 (  7.3%) |*****************
		[       17:       19)  2 (  3.6%) |*********
		[       19:       21)  0 (  0.0%) |

