#Packing pin usage report
Type: io
	Input Pin Usage:
		Max: 1.00 (0.50)
		Avg: 0.70 (0.35)
		Min: 0.00 (0.00)
		Histogram:
		[        0:      0.2)  52 ( 29.9%) |********************
		[      0.2:      0.4)   0 (  0.0%) |
		[      0.4:      0.6)   0 (  0.0%) |
		[      0.6:      0.8)   0 (  0.0%) |
		[      0.8:        1) 122 ( 70.1%) |***********************************************
		[        1:      1.2)   0 (  0.0%) |
		[      1.2:      1.4)   0 (  0.0%) |
		[      1.4:      1.6)   0 (  0.0%) |
		[      1.6:      1.8)   0 (  0.0%) |
		[      1.8:        2)   0 (  0.0%) |
	Output Pin Usage:
		Max: 1.00 (1.00)
		Avg: 0.30 (0.30)
		Min: 0.00 (0.00)
		Histogram:
		[        0:      0.1) 122 ( 70.1%) |***********************************************
		[      0.1:      0.2)   0 (  0.0%) |
		[      0.2:      0.3)   0 (  0.0%) |
		[      0.3:      0.4)   0 (  0.0%) |
		[      0.4:      0.5)   0 (  0.0%) |
		[      0.5:      0.6)   0 (  0.0%) |
		[      0.6:      0.7)   0 (  0.0%) |
		[      0.7:      0.8)   0 (  0.0%) |
		[      0.8:      0.9)   0 (  0.0%) |
		[      0.9:        1)  52 ( 29.9%) |********************

Type: clb
	Input Pin Usage:
		Max: 43.00 (0.80)
		Avg: 22.68 (0.42)
		Min: 4.00 (0.07)
		Histogram:
		[        0:      5.4)  3 (  5.4%) |********
		[      5.4:       11)  1 (  1.8%) |***
		[       11:       16)  8 ( 14.3%) |***********************
		[       16:       22) 12 ( 21.4%) |**********************************
		[       22:       27) 17 ( 30.4%) |************************************************
		[       27:       32)  7 ( 12.5%) |********************
		[       32:       38)  5 (  8.9%) |**************
		[       38:       43)  3 (  5.4%) |********
		[       43:       49)  0 (  0.0%) |
		[       49:       54)  0 (  0.0%) |
	Output Pin Usage:
		Max: 18.00 (0.86)
		Avg: 9.23 (0.44)
		Min: 1.00 (0.05)
		Histogram:
		[        0:      2.1)  3 (  5.4%) |*************
		[      2.1:      4.2)  1 (  1.8%) |****
		[      4.2:      6.3) 10 ( 17.9%) |********************************************
		[      6.3:      8.4) 11 ( 19.6%) |************************************************
		[      8.4:       10) 11 ( 19.6%) |************************************************
		[       10:       13) 10 ( 17.9%) |********************************************
		[       13:       15)  4 (  7.1%) |*****************
		[       15:       17)  4 (  7.1%) |*****************
		[       17:       19)  2 (  3.6%) |*********
		[       19:       21)  0 (  0.0%) |

