#Timing report of worst 13 path(s)
# Unit scale: 1e-09 seconds
# Output precision: 3

#Path 1
Startpoint: pv7_2.inpad[0] (.input clocked by virtual_io_clock)
Endpoint  : out:pv28_0.outpad[0] (.output clocked by virtual_io_clock)
Path Type : setup

Point                                                             Incr      Path
--------------------------------------------------------------------------------
clock virtual_io_clock (rise edge)                               0.000     0.000
clock source latency                                             0.000     0.000
input external delay                                             0.000     0.000
pv7_2.inpad[0] (.input)                                          0.000     0.000
[95].in[0] (.names)                                              0.821     0.821
[95].out[0] (.names)                                             0.225     1.047
[17].in[2] (.names)                                              0.821     1.868
[17].out[0] (.names)                                             0.225     2.093
pv28_0.in[1] (.names)                                            0.821     2.915
pv28_0.out[0] (.names)                                           0.225     3.140
out:pv28_0.outpad[0] (.output)                                   0.821     3.961
data arrival time                                                          3.961

clock virtual_io_clock (rise edge)                               0.000     0.000
clock source latency                                             0.000     0.000
clock uncertainty                                                0.000     0.000
output external delay                                            0.000     0.000
data required time                                                         0.000
--------------------------------------------------------------------------------
data required time                                                         0.000
data arrival time                                                         -3.961
--------------------------------------------------------------------------------
slack (VIOLATED)                                                          -3.961


#Path 2
Startpoint: pv8_0.inpad[0] (.input clocked by virtual_io_clock)
Endpoint  : out:pv27_1.outpad[0] (.output clocked by virtual_io_clock)
Path Type : setup

Point                                                             Incr      Path
--------------------------------------------------------------------------------
clock virtual_io_clock (rise edge)                               0.000     0.000
clock source latency                                             0.000     0.000
input external delay                                             0.000     0.000
pv8_0.inpad[0] (.input)                                          0.000     0.000
[15].in[0] (.names)                                              0.821     0.821
[15].out[0] (.names)                                             0.225     1.047
[19].in[1] (.names)                                              0.821     1.868
[19].out[0] (.names)                                             0.225     2.093
pv27_1.in[2] (.names)                                            0.821     2.915
pv27_1.out[0] (.names)                                           0.225     3.140
out:pv27_1.outpad[0] (.output)                                   0.821     3.961
data arrival time                                                          3.961

clock virtual_io_clock (rise edge)                               0.000     0.000
clock source latency                                             0.000     0.000
clock uncertainty                                                0.000     0.000
output external delay                                            0.000     0.000
data required time                                                         0.000
--------------------------------------------------------------------------------
data required time                                                         0.000
data arrival time                                                         -3.961
--------------------------------------------------------------------------------
slack (VIOLATED)                                                          -3.961


#Path 3
Startpoint: pv7_2.inpad[0] (.input clocked by virtual_io_clock)
Endpoint  : out:pv27_2.outpad[0] (.output clocked by virtual_io_clock)
Path Type : setup

Point                                                             Incr      Path
--------------------------------------------------------------------------------
clock virtual_io_clock (rise edge)                               0.000     0.000
clock source latency                                             0.000     0.000
input external delay                                             0.000     0.000
pv7_2.inpad[0] (.input)                                          0.000     0.000
[95].in[0] (.names)                                              0.821     0.821
[95].out[0] (.names)                                             0.225     1.047
[23].in[1] (.names)                                              0.821     1.868
[23].out[0] (.names)                                             0.225     2.093
pv27_2.in[0] (.names)                                            0.821     2.915
pv27_2.out[0] (.names)                                           0.225     3.140
out:pv27_2.outpad[0] (.output)                                   0.821     3.961
data arrival time                                                          3.961

clock virtual_io_clock (rise edge)                               0.000     0.000
clock source latency                                             0.000     0.000
clock uncertainty                                                0.000     0.000
output external delay                                            0.000     0.000
data required time                                                         0.000
--------------------------------------------------------------------------------
data required time                                                         0.000
data arrival time                                                         -3.961
--------------------------------------------------------------------------------
slack (VIOLATED)                                                          -3.961


#Path 4
Startpoint: pv11_0.inpad[0] (.input clocked by virtual_io_clock)
Endpoint  : out:pv32_0.outpad[0] (.output clocked by virtual_io_clock)
Path Type : setup

Point                                                             Incr      Path
--------------------------------------------------------------------------------
clock virtual_io_clock (rise edge)                               0.000     0.000
clock source latency                                             0.000     0.000
input external delay                                             0.000     0.000
pv11_0.inpad[0] (.input)                                         0.000     0.000
pv32_0.in[0] (.names)                                            0.821     0.821
pv32_0.out[0] (.names)                                           0.225     1.047
out:pv32_0.outpad[0] (.output)                                   0.821     1.868
data arrival time                                                          1.868

clock virtual_io_clock (rise edge)                               0.000     0.000
clock source latency                                             0.000     0.000
clock uncertainty                                                0.000     0.000
output external delay                                            0.000     0.000
data required time                                                         0.000
--------------------------------------------------------------------------------
data required time                                                         0.000
data arrival time                                                         -1.868
--------------------------------------------------------------------------------
slack (VIOLATED)                                                          -1.868


#Path 5
Startpoint: pv11_0.inpad[0] (.input clocked by virtual_io_clock)
Endpoint  : out:pv31_0.outpad[0] (.output clocked by virtual_io_clock)
Path Type : setup

Point                                                             Incr      Path
--------------------------------------------------------------------------------
clock virtual_io_clock (rise edge)                               0.000     0.000
clock source latency                                             0.000     0.000
input external delay                                             0.000     0.000
pv11_0.inpad[0] (.input)                                         0.000     0.000
pv31_0.in[0] (.names)                                            0.821     0.821
pv31_0.out[0] (.names)                                           0.225     1.047
out:pv31_0.outpad[0] (.output)                                   0.821     1.868
data arrival time                                                          1.868

clock virtual_io_clock (rise edge)                               0.000     0.000
clock source latency                                             0.000     0.000
clock uncertainty                                                0.000     0.000
output external delay                                            0.000     0.000
data required time                                                         0.000
--------------------------------------------------------------------------------
data required time                                                         0.000
data arrival time                                                         -1.868
--------------------------------------------------------------------------------
slack (VIOLATED)                                                          -1.868


#Path 6
Startpoint: pv14_0.inpad[0] (.input clocked by virtual_io_clock)
Endpoint  : out:pv35_0.outpad[0] (.output clocked by virtual_io_clock)
Path Type : setup

Point                                                             Incr      Path
--------------------------------------------------------------------------------
clock virtual_io_clock (rise edge)                               0.000     0.000
clock source latency                                             0.000     0.000
input external delay                                             0.000     0.000
pv14_0.inpad[0] (.input)                                         0.000     0.000
pv35_0.in[0] (.names)                                            0.821     0.821
pv35_0.out[0] (.names)                                           0.225     1.047
out:pv35_0.outpad[0] (.output)                                   0.821     1.868
data arrival time                                                          1.868

clock virtual_io_clock (rise edge)                               0.000     0.000
clock source latency                                             0.000     0.000
clock uncertainty                                                0.000     0.000
output external delay                                            0.000     0.000
data required time                                                         0.000
--------------------------------------------------------------------------------
data required time                                                         0.000
data arrival time                                                         -1.868
--------------------------------------------------------------------------------
slack (VIOLATED)                                                          -1.868


#Path 7
Startpoint: pv14_0.inpad[0] (.input clocked by virtual_io_clock)
Endpoint  : out:pv38_0.outpad[0] (.output clocked by virtual_io_clock)
Path Type : setup

Point                                                             Incr      Path
--------------------------------------------------------------------------------
clock virtual_io_clock (rise edge)                               0.000     0.000
clock source latency                                             0.000     0.000
input external delay                                             0.000     0.000
pv14_0.inpad[0] (.input)                                         0.000     0.000
pv38_0.in[0] (.names)                                            0.821     0.821
pv38_0.out[0] (.names)                                           0.225     1.047
out:pv38_0.outpad[0] (.output)                                   0.821     1.868
data arrival time                                                          1.868

clock virtual_io_clock (rise edge)                               0.000     0.000
clock source latency                                             0.000     0.000
clock uncertainty                                                0.000     0.000
output external delay                                            0.000     0.000
data required time                                                         0.000
--------------------------------------------------------------------------------
data required time                                                         0.000
data arrival time                                                         -1.868
--------------------------------------------------------------------------------
slack (VIOLATED)                                                          -1.868


#Path 8
Startpoint: pv22_5.inpad[0] (.input clocked by virtual_io_clock)
Endpoint  : out:pv30_0.outpad[0] (.output clocked by virtual_io_clock)
Path Type : setup

Point                                                             Incr      Path
--------------------------------------------------------------------------------
clock virtual_io_clock (rise edge)                               0.000     0.000
clock source latency                                             0.000     0.000
input external delay                                             0.000     0.000
pv22_5.inpad[0] (.input)                                         0.000     0.000
pv30_0.in[0] (.names)                                            0.821     0.821
pv30_0.out[0] (.names)                                           0.225     1.047
out:pv30_0.outpad[0] (.output)                                   0.821     1.868
data arrival time                                                          1.868

clock virtual_io_clock (rise edge)                               0.000     0.000
clock source latency                                             0.000     0.000
clock uncertainty                                                0.000     0.000
output external delay                                            0.000     0.000
data required time                                                         0.000
--------------------------------------------------------------------------------
data required time                                                         0.000
data arrival time                                                         -1.868
--------------------------------------------------------------------------------
slack (VIOLATED)                                                          -1.868


#Path 9
Startpoint: pv22_5.inpad[0] (.input clocked by virtual_io_clock)
Endpoint  : out:pv37_0.outpad[0] (.output clocked by virtual_io_clock)
Path Type : setup

Point                                                             Incr      Path
--------------------------------------------------------------------------------
clock virtual_io_clock (rise edge)                               0.000     0.000
clock source latency                                             0.000     0.000
input external delay                                             0.000     0.000
pv22_5.inpad[0] (.input)                                         0.000     0.000
pv37_0.in[0] (.names)                                            0.821     0.821
pv37_0.out[0] (.names)                                           0.225     1.047
out:pv37_0.outpad[0] (.output)                                   0.821     1.868
data arrival time                                                          1.868

clock virtual_io_clock (rise edge)                               0.000     0.000
clock source latency                                             0.000     0.000
clock uncertainty                                                0.000     0.000
output external delay                                            0.000     0.000
data required time                                                         0.000
--------------------------------------------------------------------------------
data required time                                                         0.000
data arrival time                                                         -1.868
--------------------------------------------------------------------------------
slack (VIOLATED)                                                          -1.868


#Path 10
Startpoint: pv14_0.inpad[0] (.input clocked by virtual_io_clock)
Endpoint  : out:pv33_0.outpad[0] (.output clocked by virtual_io_clock)
Path Type : setup

Point                                                             Incr      Path
--------------------------------------------------------------------------------
clock virtual_io_clock (rise edge)                               0.000     0.000
clock source latency                                             0.000     0.000
input external delay                                             0.000     0.000
pv14_0.inpad[0] (.input)                                         0.000     0.000
pv33_0.in[0] (.names)                                            0.821     0.821
pv33_0.out[0] (.names)                                           0.225     1.047
out:pv33_0.outpad[0] (.output)                                   0.821     1.868
data arrival time                                                          1.868

clock virtual_io_clock (rise edge)                               0.000     0.000
clock source latency                                             0.000     0.000
clock uncertainty                                                0.000     0.000
output external delay                                            0.000     0.000
data required time                                                         0.000
--------------------------------------------------------------------------------
data required time                                                         0.000
data arrival time                                                         -1.868
--------------------------------------------------------------------------------
slack (VIOLATED)                                                          -1.868


#Path 11
Startpoint: pv22_5.inpad[0] (.input clocked by virtual_io_clock)
Endpoint  : out:pv34_0.outpad[0] (.output clocked by virtual_io_clock)
Path Type : setup

Point                                                             Incr      Path
--------------------------------------------------------------------------------
clock virtual_io_clock (rise edge)                               0.000     0.000
clock source latency                                             0.000     0.000
input external delay                                             0.000     0.000
pv22_5.inpad[0] (.input)                                         0.000     0.000
pv34_0.in[0] (.names)                                            0.821     0.821
pv34_0.out[0] (.names)                                           0.225     1.047
out:pv34_0.outpad[0] (.output)                                   0.821     1.868
data arrival time                                                          1.868

clock virtual_io_clock (rise edge)                               0.000     0.000
clock source latency                                             0.000     0.000
clock uncertainty                                                0.000     0.000
output external delay                                            0.000     0.000
data required time                                                         0.000
--------------------------------------------------------------------------------
data required time                                                         0.000
data arrival time                                                         -1.868
--------------------------------------------------------------------------------
slack (VIOLATED)                                                          -1.868


#Path 12
Startpoint: pv22_5.inpad[0] (.input clocked by virtual_io_clock)
Endpoint  : out:pv36_0.outpad[0] (.output clocked by virtual_io_clock)
Path Type : setup

Point                                                             Incr      Path
--------------------------------------------------------------------------------
clock virtual_io_clock (rise edge)                               0.000     0.000
clock source latency                                             0.000     0.000
input external delay                                             0.000     0.000
pv22_5.inpad[0] (.input)                                         0.000     0.000
pv36_0.in[0] (.names)                                            0.821     0.821
pv36_0.out[0] (.names)                                           0.225     1.047
out:pv36_0.outpad[0] (.output)                                   0.821     1.868
data arrival time                                                          1.868

clock virtual_io_clock (rise edge)                               0.000     0.000
clock source latency                                             0.000     0.000
clock uncertainty                                                0.000     0.000
output external delay                                            0.000     0.000
data required time                                                         0.000
--------------------------------------------------------------------------------
data required time                                                         0.000
data arrival time                                                         -1.868
--------------------------------------------------------------------------------
slack (VIOLATED)                                                          -1.868


#Path 13
Startpoint: pv27_3.inpad[0] (.input clocked by virtual_io_clock)
Endpoint  : out:pv27_4.outpad[0] (.output clocked by virtual_io_clock)
Path Type : setup

Point                                                             Incr      Path
--------------------------------------------------------------------------------
clock virtual_io_clock (rise edge)                               0.000     0.000
clock source latency                                             0.000     0.000
input external delay                                             0.000     0.000
pv27_3.inpad[0] (.input)                                         0.000     0.000
pv27_4.in[0] (.names)                                            0.821     0.821
pv27_4.out[0] (.names)                                           0.225     1.047
out:pv27_4.outpad[0] (.output)                                   0.821     1.868
data arrival time                                                          1.868

clock virtual_io_clock (rise edge)                               0.000     0.000
clock source latency                                             0.000     0.000
clock uncertainty                                                0.000     0.000
output external delay                                            0.000     0.000
data required time                                                         0.000
--------------------------------------------------------------------------------
data required time                                                         0.000
data arrival time                                                         -1.868
--------------------------------------------------------------------------------
slack (VIOLATED)                                                          -1.868


#End of timing report
