#Packing pin usage report
Type: io
	Input Pin Usage:
		Max: 1.00 (0.50)
		Avg: 0.57 (0.28)
		Min: 0.00 (0.00)
		Histogram:
		[        0:      0.2)  99 ( 43.2%) |************************************
		[      0.2:      0.4)   0 (  0.0%) |
		[      0.4:      0.6)   0 (  0.0%) |
		[      0.6:      0.8)   0 (  0.0%) |
		[      0.8:        1) 130 ( 56.8%) |***********************************************
		[        1:      1.2)   0 (  0.0%) |
		[      1.2:      1.4)   0 (  0.0%) |
		[      1.4:      1.6)   0 (  0.0%) |
		[      1.6:      1.8)   0 (  0.0%) |
		[      1.8:        2)   0 (  0.0%) |
	Output Pin Usage:
		Max: 1.00 (1.00)
		Avg: 0.43 (0.43)
		Min: 0.00 (0.00)
		Histogram:
		[        0:      0.1) 130 ( 56.8%) |***********************************************
		[      0.1:      0.2)   0 (  0.0%) |
		[      0.2:      0.3)   0 (  0.0%) |
		[      0.3:      0.4)   0 (  0.0%) |
		[      0.4:      0.5)   0 (  0.0%) |
		[      0.5:      0.6)   0 (  0.0%) |
		[      0.6:      0.7)   0 (  0.0%) |
		[      0.7:      0.8)   0 (  0.0%) |
		[      0.8:      0.9)   0 (  0.0%) |
		[      0.9:        1)  99 ( 43.2%) |************************************

Type: clb
	Input Pin Usage:
		Max: 25.00 (0.61)
		Avg: 2.31 (0.06)
		Min: 0.00 (0.00)
		Histogram:
		[        0:      4.1) 57 ( 87.7%) |************************************************
		[      4.1:      8.2)  0 (  0.0%) |
		[      8.2:       12)  1 (  1.5%) |*
		[       12:       16)  2 (  3.1%) |**
		[       16:       20)  2 (  3.1%) |**
		[       20:       25)  2 (  3.1%) |**
		[       25:       29)  1 (  1.5%) |*
		[       29:       33)  0 (  0.0%) |
		[       33:       37)  0 (  0.0%) |
		[       37:       41)  0 (  0.0%) |
	Output Pin Usage:
		Max: 20.00 (1.00)
		Avg: 2.22 (0.11)
		Min: 1.00 (0.05)
		Histogram:
		[        0:        2) 58 ( 89.2%) |************************************************
		[        2:        4)  1 (  1.5%) |*
		[        4:        6)  1 (  1.5%) |*
		[        6:        8)  1 (  1.5%) |*
		[        8:       10)  0 (  0.0%) |
		[       10:       12)  1 (  1.5%) |*
		[       12:       14)  0 (  0.0%) |
		[       14:       16)  0 (  0.0%) |
		[       16:       18)  1 (  1.5%) |*
		[       18:       20)  2 (  3.1%) |**

Type: memory
	Input Pin Usage:
		Max: 15.00 (0.15)
		Avg: 15.00 (0.15)
		Min: 15.00 (0.15)
		Histogram:
		[        0:      9.7) 0 (  0.0%) |
		[      9.7:       19) 1 (100.0%) |**************************************************
		[       19:       29) 0 (  0.0%) |
		[       29:       39) 0 (  0.0%) |
		[       39:       48) 0 (  0.0%) |
		[       48:       58) 0 (  0.0%) |
		[       58:       68) 0 (  0.0%) |
		[       68:       78) 0 (  0.0%) |
		[       78:       87) 0 (  0.0%) |
		[       87:       97) 0 (  0.0%) |
	Output Pin Usage:
		Max: 8.00 (0.12)
		Avg: 8.00 (0.12)
		Min: 8.00 (0.12)
		Histogram:
		[        0:      6.4) 0 (  0.0%) |
		[      6.4:       13) 1 (100.0%) |**************************************************
		[       13:       19) 0 (  0.0%) |
		[       19:       26) 0 (  0.0%) |
		[       26:       32) 0 (  0.0%) |
		[       32:       38) 0 (  0.0%) |
		[       38:       45) 0 (  0.0%) |
		[       45:       51) 0 (  0.0%) |
		[       51:       58) 0 (  0.0%) |
		[       58:       64) 0 (  0.0%) |

