#Timing report of worst 6 path(s)
# Unit scale: 1e-09 seconds
# Output precision: 3

#Path 1
Startpoint: blink^r_counter~0_FF.Q[0] (.latch clocked by blink^clk)
Endpoint  : blink^r_counter~4_FF.D[0] (.latch clocked by blink^clk)
Path Type : setup

Point                                                             Incr      Path
--------------------------------------------------------------------------------
clock blink^clk (rise edge)                                      0.000     0.000
clock source latency                                             0.000     0.000
blink^clk.inpad[0] (.input)                                      0.000     0.000
blink^r_counter~0_FF.clk[0] (.latch)                             1.338     1.338
blink^r_counter~0_FF.Q[0] (.latch) [clock-to-output]             0.124     1.462
blink^ADD~2-1[0].a[0] (adder)                                    1.338     2.800
blink^ADD~2-1[0].cout[0] (adder)                                 0.300     3.100
blink^ADD~2-2[0].cin[0] (adder)                                  1.338     4.437
blink^ADD~2-2[0].cout[0] (adder)                                 0.010     4.447
blink^ADD~2-3[0].cin[0] (adder)                                  1.338     5.785
blink^ADD~2-3[0].cout[0] (adder)                                 0.010     5.795
blink^ADD~2-4[0].cin[0] (adder)                                  1.338     7.133
blink^ADD~2-4[0].cout[0] (adder)                                 0.010     7.143
blink^ADD~2-5[0].cin[0] (adder)                                  1.338     8.481
blink^ADD~2-5[0].sumout[0] (adder)                               0.300     8.781
n24.in[1] (.names)                                               1.338    10.118
n24.out[0] (.names)                                              0.195    10.313
blink^r_counter~4_FF.D[0] (.latch)                               1.338    11.651
data arrival time                                                         11.651

clock blink^clk (rise edge)                                      0.000     0.000
clock source latency                                             0.000     0.000
blink^clk.inpad[0] (.input)                                      0.000     0.000
blink^r_counter~4_FF.clk[0] (.latch)                             1.338     1.338
clock uncertainty                                                0.000     1.338
cell setup time                                                 -0.066     1.272
data required time                                                         1.272
--------------------------------------------------------------------------------
data required time                                                         1.272
data arrival time                                                        -11.651
--------------------------------------------------------------------------------
slack (VIOLATED)                                                         -10.379


#Path 2
Startpoint: blink^r_counter~0_FF.Q[0] (.latch clocked by blink^clk)
Endpoint  : blink^r_counter~3_FF.D[0] (.latch clocked by blink^clk)
Path Type : setup

Point                                                             Incr      Path
--------------------------------------------------------------------------------
clock blink^clk (rise edge)                                      0.000     0.000
clock source latency                                             0.000     0.000
blink^clk.inpad[0] (.input)                                      0.000     0.000
blink^r_counter~0_FF.clk[0] (.latch)                             1.338     1.338
blink^r_counter~0_FF.Q[0] (.latch) [clock-to-output]             0.124     1.462
blink^ADD~2-1[0].a[0] (adder)                                    1.338     2.800
blink^ADD~2-1[0].cout[0] (adder)                                 0.300     3.100
blink^ADD~2-2[0].cin[0] (adder)                                  1.338     4.437
blink^ADD~2-2[0].cout[0] (adder)                                 0.010     4.447
blink^ADD~2-3[0].cin[0] (adder)                                  1.338     5.785
blink^ADD~2-3[0].cout[0] (adder)                                 0.010     5.795
blink^ADD~2-4[0].cin[0] (adder)                                  1.338     7.133
blink^ADD~2-4[0].sumout[0] (adder)                               0.300     7.433
n29.in[1] (.names)                                               1.338     8.771
n29.out[0] (.names)                                              0.195     8.966
blink^r_counter~3_FF.D[0] (.latch)                               1.338    10.303
data arrival time                                                         10.303

clock blink^clk (rise edge)                                      0.000     0.000
clock source latency                                             0.000     0.000
blink^clk.inpad[0] (.input)                                      0.000     0.000
blink^r_counter~3_FF.clk[0] (.latch)                             1.338     1.338
clock uncertainty                                                0.000     1.338
cell setup time                                                 -0.066     1.272
data required time                                                         1.272
--------------------------------------------------------------------------------
data required time                                                         1.272
data arrival time                                                        -10.303
--------------------------------------------------------------------------------
slack (VIOLATED)                                                          -9.032


#Path 3
Startpoint: blink^r_counter~0_FF.Q[0] (.latch clocked by blink^clk)
Endpoint  : blink^r_counter~2_FF.D[0] (.latch clocked by blink^clk)
Path Type : setup

Point                                                             Incr      Path
--------------------------------------------------------------------------------
clock blink^clk (rise edge)                                      0.000     0.000
clock source latency                                             0.000     0.000
blink^clk.inpad[0] (.input)                                      0.000     0.000
blink^r_counter~0_FF.clk[0] (.latch)                             1.338     1.338
blink^r_counter~0_FF.Q[0] (.latch) [clock-to-output]             0.124     1.462
blink^ADD~2-1[0].a[0] (adder)                                    1.338     2.800
blink^ADD~2-1[0].cout[0] (adder)                                 0.300     3.100
blink^ADD~2-2[0].cin[0] (adder)                                  1.338     4.437
blink^ADD~2-2[0].cout[0] (adder)                                 0.010     4.447
blink^ADD~2-3[0].cin[0] (adder)                                  1.338     5.785
blink^ADD~2-3[0].sumout[0] (adder)                               0.300     6.085
n34.in[1] (.names)                                               1.338     7.423
n34.out[0] (.names)                                              0.195     7.618
blink^r_counter~2_FF.D[0] (.latch)                               1.338     8.956
data arrival time                                                          8.956

clock blink^clk (rise edge)                                      0.000     0.000
clock source latency                                             0.000     0.000
blink^clk.inpad[0] (.input)                                      0.000     0.000
blink^r_counter~2_FF.clk[0] (.latch)                             1.338     1.338
clock uncertainty                                                0.000     1.338
cell setup time                                                 -0.066     1.272
data required time                                                         1.272
--------------------------------------------------------------------------------
data required time                                                         1.272
data arrival time                                                         -8.956
--------------------------------------------------------------------------------
slack (VIOLATED)                                                          -7.684


#Path 4
Startpoint: blink^r_counter~0_FF.Q[0] (.latch clocked by blink^clk)
Endpoint  : blink^r_counter~1_FF.D[0] (.latch clocked by blink^clk)
Path Type : setup

Point                                                             Incr      Path
--------------------------------------------------------------------------------
clock blink^clk (rise edge)                                      0.000     0.000
clock source latency                                             0.000     0.000
blink^clk.inpad[0] (.input)                                      0.000     0.000
blink^r_counter~0_FF.clk[0] (.latch)                             1.338     1.338
blink^r_counter~0_FF.Q[0] (.latch) [clock-to-output]             0.124     1.462
blink^ADD~2-1[0].a[0] (adder)                                    1.338     2.800
blink^ADD~2-1[0].cout[0] (adder)                                 0.300     3.100
blink^ADD~2-2[0].cin[0] (adder)                                  1.338     4.437
blink^ADD~2-2[0].sumout[0] (adder)                               0.300     4.737
n39.in[1] (.names)                                               1.338     6.075
n39.out[0] (.names)                                              0.195     6.270
blink^r_counter~1_FF.D[0] (.latch)                               1.338     7.608
data arrival time                                                          7.608

clock blink^clk (rise edge)                                      0.000     0.000
clock source latency                                             0.000     0.000
blink^clk.inpad[0] (.input)                                      0.000     0.000
blink^r_counter~1_FF.clk[0] (.latch)                             1.338     1.338
clock uncertainty                                                0.000     1.338
cell setup time                                                 -0.066     1.272
data required time                                                         1.272
--------------------------------------------------------------------------------
data required time                                                         1.272
data arrival time                                                         -7.608
--------------------------------------------------------------------------------
slack (VIOLATED)                                                          -6.336


#Path 5
Startpoint: blink^r_counter~0_FF.Q[0] (.latch clocked by blink^clk)
Endpoint  : blink^r_counter~0_FF.D[0] (.latch clocked by blink^clk)
Path Type : setup

Point                                                             Incr      Path
--------------------------------------------------------------------------------
clock blink^clk (rise edge)                                      0.000     0.000
clock source latency                                             0.000     0.000
blink^clk.inpad[0] (.input)                                      0.000     0.000
blink^r_counter~0_FF.clk[0] (.latch)                             1.338     1.338
blink^r_counter~0_FF.Q[0] (.latch) [clock-to-output]             0.124     1.462
blink^ADD~2-1[0].a[0] (adder)                                    1.338     2.800
blink^ADD~2-1[0].sumout[0] (adder)                               0.300     3.100
n19.in[1] (.names)                                               1.338     4.437
n19.out[0] (.names)                                              0.195     4.632
blink^r_counter~0_FF.D[0] (.latch)                               1.338     5.970
data arrival time                                                          5.970

clock blink^clk (rise edge)                                      0.000     0.000
clock source latency                                             0.000     0.000
blink^clk.inpad[0] (.input)                                      0.000     0.000
blink^r_counter~0_FF.clk[0] (.latch)                             1.338     1.338
clock uncertainty                                                0.000     1.338
cell setup time                                                 -0.066     1.272
data required time                                                         1.272
--------------------------------------------------------------------------------
data required time                                                         1.272
data arrival time                                                         -5.970
--------------------------------------------------------------------------------
slack (VIOLATED)                                                          -4.698


#Path 6
Startpoint: blink^r_counter~4_FF.Q[0] (.latch clocked by blink^clk)
Endpoint  : out:blink^o_led.outpad[0] (.output clocked by blink^clk)
Path Type : setup

Point                                                             Incr      Path
--------------------------------------------------------------------------------
clock blink^clk (rise edge)                                      0.000     0.000
clock source latency                                             0.000     0.000
blink^clk.inpad[0] (.input)                                      0.000     0.000
blink^r_counter~4_FF.clk[0] (.latch)                             1.338     1.338
blink^r_counter~4_FF.Q[0] (.latch) [clock-to-output]             0.124     1.462
blink^o_led.in[0] (.names)                                       1.338     2.800
blink^o_led.out[0] (.names)                                      0.195     2.995
out:blink^o_led.outpad[0] (.output)                              1.338     4.332
data arrival time                                                          4.332

clock blink^clk (rise edge)                                      0.000     0.000
clock source latency                                             0.000     0.000
clock uncertainty                                                0.000     0.000
output external delay                                            0.000     0.000
data required time                                                         0.000
--------------------------------------------------------------------------------
data required time                                                         0.000
data arrival time                                                         -4.332
--------------------------------------------------------------------------------
slack (VIOLATED)                                                          -4.332


#End of timing report
