#Packing pin usage report
Type: io
	Input Pin Usage:
		Max: 1.00 (0.50)
		Avg: 0.33 (0.17)
		Min: 0.00 (0.00)
		Histogram:
		[        0:      0.2) 2 ( 66.7%) |*************************************************
		[      0.2:      0.4) 0 (  0.0%) |
		[      0.4:      0.6) 0 (  0.0%) |
		[      0.6:      0.8) 0 (  0.0%) |
		[      0.8:        1) 1 ( 33.3%) |*************************
		[        1:      1.2) 0 (  0.0%) |
		[      1.2:      1.4) 0 (  0.0%) |
		[      1.4:      1.6) 0 (  0.0%) |
		[      1.6:      1.8) 0 (  0.0%) |
		[      1.8:        2) 0 (  0.0%) |
	Output Pin Usage:
		Max: 1.00 (1.00)
		Avg: 0.67 (0.67)
		Min: 0.00 (0.00)
		Histogram:
		[        0:      0.1) 1 ( 33.3%) |*************************
		[      0.1:      0.2) 0 (  0.0%) |
		[      0.2:      0.3) 0 (  0.0%) |
		[      0.3:      0.4) 0 (  0.0%) |
		[      0.4:      0.5) 0 (  0.0%) |
		[      0.5:      0.6) 0 (  0.0%) |
		[      0.6:      0.7) 0 (  0.0%) |
		[      0.7:      0.8) 0 (  0.0%) |
		[      0.8:      0.9) 0 (  0.0%) |
		[      0.9:        1) 2 ( 66.7%) |*************************************************

Type: clb
	Input Pin Usage:
		Max: 24.00 (0.73)
		Avg: 24.00 (0.73)
		Min: 24.00 (0.73)
		Histogram:
		[        0:      3.3) 0 (  0.0%) |
		[      3.3:      6.6) 0 (  0.0%) |
		[      6.6:      9.9) 0 (  0.0%) |
		[      9.9:       13) 0 (  0.0%) |
		[       13:       16) 0 (  0.0%) |
		[       16:       20) 0 (  0.0%) |
		[       20:       23) 0 (  0.0%) |
		[       23:       26) 1 (100.0%) |**************************************************
		[       26:       30) 0 (  0.0%) |
		[       30:       33) 0 (  0.0%) |
	Output Pin Usage:
		Max: 8.00 (1.00)
		Avg: 8.00 (1.00)
		Min: 8.00 (1.00)
		Histogram:
		[        0:      0.8) 0 (  0.0%) |
		[      0.8:      1.6) 0 (  0.0%) |
		[      1.6:      2.4) 0 (  0.0%) |
		[      2.4:      3.2) 0 (  0.0%) |
		[      3.2:        4) 0 (  0.0%) |
		[        4:      4.8) 0 (  0.0%) |
		[      4.8:      5.6) 0 (  0.0%) |
		[      5.6:      6.4) 0 (  0.0%) |
		[      6.4:      7.2) 0 (  0.0%) |
		[      7.2:        8) 1 (100.0%) |**************************************************

