#Packing pin usage report
Type: io
	Input Pin Usage:
		Max: 1.00 (1.00)
		Avg: 0.40 (0.40)
		Min: 0.00 (0.00)
		Histogram:
		[        0:      0.1) 12 ( 60.0%) |************************************************
		[      0.1:      0.2)  0 (  0.0%) |
		[      0.2:      0.3)  0 (  0.0%) |
		[      0.3:      0.4)  0 (  0.0%) |
		[      0.4:      0.5)  0 (  0.0%) |
		[      0.5:      0.6)  0 (  0.0%) |
		[      0.6:      0.7)  0 (  0.0%) |
		[      0.7:      0.8)  0 (  0.0%) |
		[      0.8:      0.9)  0 (  0.0%) |
		[      0.9:        1)  8 ( 40.0%) |********************************
	Output Pin Usage:
		Max: 1.00 (1.00)
		Avg: 0.60 (0.60)
		Min: 0.00 (0.00)
		Histogram:
		[        0:      0.1)  8 ( 40.0%) |********************************
		[      0.1:      0.2)  0 (  0.0%) |
		[      0.2:      0.3)  0 (  0.0%) |
		[      0.3:      0.4)  0 (  0.0%) |
		[      0.4:      0.5)  0 (  0.0%) |
		[      0.5:      0.6)  0 (  0.0%) |
		[      0.6:      0.7)  0 (  0.0%) |
		[      0.7:      0.8)  0 (  0.0%) |
		[      0.8:      0.9)  0 (  0.0%) |
		[      0.9:        1) 12 ( 60.0%) |************************************************

Type: dsp
	Input Pin Usage:
		Max: 12.00 (0.71)
		Avg: 12.00 (0.71)
		Min: 12.00 (0.71)
		Histogram:
		[        0:      1.7) 0 (  0.0%) |
		[      1.7:      3.4) 0 (  0.0%) |
		[      3.4:      5.1) 0 (  0.0%) |
		[      5.1:      6.8) 0 (  0.0%) |
		[      6.8:      8.5) 0 (  0.0%) |
		[      8.5:       10) 0 (  0.0%) |
		[       10:       12) 0 (  0.0%) |
		[       12:       14) 1 (100.0%) |**************************************************
		[       14:       15) 0 (  0.0%) |
		[       15:       17) 0 (  0.0%) |
	Output Pin Usage:
		Max: 8.00 (0.47)
		Avg: 8.00 (0.47)
		Min: 8.00 (0.47)
		Histogram:
		[        0:      1.7) 0 (  0.0%) |
		[      1.7:      3.4) 0 (  0.0%) |
		[      3.4:      5.1) 0 (  0.0%) |
		[      5.1:      6.8) 0 (  0.0%) |
		[      6.8:      8.5) 1 (100.0%) |**************************************************
		[      8.5:       10) 0 (  0.0%) |
		[       10:       12) 0 (  0.0%) |
		[       12:       14) 0 (  0.0%) |
		[       14:       15) 0 (  0.0%) |
		[       15:       17) 0 (  0.0%) |

