#Timing report of worst 8 path(s)
# Unit scale: 1e-09 seconds
# Output precision: 3

#Path 1
Startpoint: a[0].inpad[0] (.input clocked by virtual_io_clock)
Endpoint  : out:o[0].outpad[0] (.output clocked by virtual_io_clock)
Path Type : setup

Point                                                             Incr      Path
--------------------------------------------------------------------------------
clock virtual_io_clock (rise edge)                               0.000     0.000
clock source latency                                             0.000     0.000
input external delay                                             0.000     0.000
a[0].inpad[0] (.input)                                           0.000     0.000
inst.a[0] (dsp)                                                  0.837     0.837
inst.out[0] (dsp)                                                0.100     0.937
out:o[0].outpad[0] (.output)                                     0.837     1.774
data arrival time                                                          1.774

clock virtual_io_clock (rise edge)                               0.000     0.000
clock source latency                                             0.000     0.000
clock uncertainty                                                0.000     0.000
output external delay                                            0.000     0.000
data required time                                                         0.000
--------------------------------------------------------------------------------
data required time                                                         0.000
data arrival time                                                         -1.774
--------------------------------------------------------------------------------
slack (VIOLATED)                                                          -1.774


#Path 2
Startpoint: a[0].inpad[0] (.input clocked by virtual_io_clock)
Endpoint  : out:o[1].outpad[0] (.output clocked by virtual_io_clock)
Path Type : setup

Point                                                             Incr      Path
--------------------------------------------------------------------------------
clock virtual_io_clock (rise edge)                               0.000     0.000
clock source latency                                             0.000     0.000
input external delay                                             0.000     0.000
a[0].inpad[0] (.input)                                           0.000     0.000
inst.a[0] (dsp)                                                  0.837     0.837
inst.out[1] (dsp)                                                0.100     0.937
out:o[1].outpad[0] (.output)                                     0.837     1.774
data arrival time                                                          1.774

clock virtual_io_clock (rise edge)                               0.000     0.000
clock source latency                                             0.000     0.000
clock uncertainty                                                0.000     0.000
output external delay                                            0.000     0.000
data required time                                                         0.000
--------------------------------------------------------------------------------
data required time                                                         0.000
data arrival time                                                         -1.774
--------------------------------------------------------------------------------
slack (VIOLATED)                                                          -1.774


#Path 3
Startpoint: a[0].inpad[0] (.input clocked by virtual_io_clock)
Endpoint  : out:o[2].outpad[0] (.output clocked by virtual_io_clock)
Path Type : setup

Point                                                             Incr      Path
--------------------------------------------------------------------------------
clock virtual_io_clock (rise edge)                               0.000     0.000
clock source latency                                             0.000     0.000
input external delay                                             0.000     0.000
a[0].inpad[0] (.input)                                           0.000     0.000
inst.a[0] (dsp)                                                  0.837     0.837
inst.out[2] (dsp)                                                0.100     0.937
out:o[2].outpad[0] (.output)                                     0.837     1.774
data arrival time                                                          1.774

clock virtual_io_clock (rise edge)                               0.000     0.000
clock source latency                                             0.000     0.000
clock uncertainty                                                0.000     0.000
output external delay                                            0.000     0.000
data required time                                                         0.000
--------------------------------------------------------------------------------
data required time                                                         0.000
data arrival time                                                         -1.774
--------------------------------------------------------------------------------
slack (VIOLATED)                                                          -1.774


#Path 4
Startpoint: a[0].inpad[0] (.input clocked by virtual_io_clock)
Endpoint  : out:o[3].outpad[0] (.output clocked by virtual_io_clock)
Path Type : setup

Point                                                             Incr      Path
--------------------------------------------------------------------------------
clock virtual_io_clock (rise edge)                               0.000     0.000
clock source latency                                             0.000     0.000
input external delay                                             0.000     0.000
a[0].inpad[0] (.input)                                           0.000     0.000
inst.a[0] (dsp)                                                  0.837     0.837
inst.out[3] (dsp)                                                0.100     0.937
out:o[3].outpad[0] (.output)                                     0.837     1.774
data arrival time                                                          1.774

clock virtual_io_clock (rise edge)                               0.000     0.000
clock source latency                                             0.000     0.000
clock uncertainty                                                0.000     0.000
output external delay                                            0.000     0.000
data required time                                                         0.000
--------------------------------------------------------------------------------
data required time                                                         0.000
data arrival time                                                         -1.774
--------------------------------------------------------------------------------
slack (VIOLATED)                                                          -1.774


#Path 5
Startpoint: a[0].inpad[0] (.input clocked by virtual_io_clock)
Endpoint  : out:o[4].outpad[0] (.output clocked by virtual_io_clock)
Path Type : setup

Point                                                             Incr      Path
--------------------------------------------------------------------------------
clock virtual_io_clock (rise edge)                               0.000     0.000
clock source latency                                             0.000     0.000
input external delay                                             0.000     0.000
a[0].inpad[0] (.input)                                           0.000     0.000
inst.a[0] (dsp)                                                  0.837     0.837
inst.out[4] (dsp)                                                0.100     0.937
out:o[4].outpad[0] (.output)                                     0.837     1.774
data arrival time                                                          1.774

clock virtual_io_clock (rise edge)                               0.000     0.000
clock source latency                                             0.000     0.000
clock uncertainty                                                0.000     0.000
output external delay                                            0.000     0.000
data required time                                                         0.000
--------------------------------------------------------------------------------
data required time                                                         0.000
data arrival time                                                         -1.774
--------------------------------------------------------------------------------
slack (VIOLATED)                                                          -1.774


#Path 6
Startpoint: a[0].inpad[0] (.input clocked by virtual_io_clock)
Endpoint  : out:o[5].outpad[0] (.output clocked by virtual_io_clock)
Path Type : setup

Point                                                             Incr      Path
--------------------------------------------------------------------------------
clock virtual_io_clock (rise edge)                               0.000     0.000
clock source latency                                             0.000     0.000
input external delay                                             0.000     0.000
a[0].inpad[0] (.input)                                           0.000     0.000
inst.a[0] (dsp)                                                  0.837     0.837
inst.out[5] (dsp)                                                0.100     0.937
out:o[5].outpad[0] (.output)                                     0.837     1.774
data arrival time                                                          1.774

clock virtual_io_clock (rise edge)                               0.000     0.000
clock source latency                                             0.000     0.000
clock uncertainty                                                0.000     0.000
output external delay                                            0.000     0.000
data required time                                                         0.000
--------------------------------------------------------------------------------
data required time                                                         0.000
data arrival time                                                         -1.774
--------------------------------------------------------------------------------
slack (VIOLATED)                                                          -1.774


#Path 7
Startpoint: a[0].inpad[0] (.input clocked by virtual_io_clock)
Endpoint  : out:o[6].outpad[0] (.output clocked by virtual_io_clock)
Path Type : setup

Point                                                             Incr      Path
--------------------------------------------------------------------------------
clock virtual_io_clock (rise edge)                               0.000     0.000
clock source latency                                             0.000     0.000
input external delay                                             0.000     0.000
a[0].inpad[0] (.input)                                           0.000     0.000
inst.a[0] (dsp)                                                  0.837     0.837
inst.out[6] (dsp)                                                0.100     0.937
out:o[6].outpad[0] (.output)                                     0.837     1.774
data arrival time                                                          1.774

clock virtual_io_clock (rise edge)                               0.000     0.000
clock source latency                                             0.000     0.000
clock uncertainty                                                0.000     0.000
output external delay                                            0.000     0.000
data required time                                                         0.000
--------------------------------------------------------------------------------
data required time                                                         0.000
data arrival time                                                         -1.774
--------------------------------------------------------------------------------
slack (VIOLATED)                                                          -1.774


#Path 8
Startpoint: a[0].inpad[0] (.input clocked by virtual_io_clock)
Endpoint  : out:o[7].outpad[0] (.output clocked by virtual_io_clock)
Path Type : setup

Point                                                             Incr      Path
--------------------------------------------------------------------------------
clock virtual_io_clock (rise edge)                               0.000     0.000
clock source latency                                             0.000     0.000
input external delay                                             0.000     0.000
a[0].inpad[0] (.input)                                           0.000     0.000
inst.a[0] (dsp)                                                  0.837     0.837
inst.out[7] (dsp)                                                0.100     0.937
out:o[7].outpad[0] (.output)                                     0.837     1.774
data arrival time                                                          1.774

clock virtual_io_clock (rise edge)                               0.000     0.000
clock source latency                                             0.000     0.000
clock uncertainty                                                0.000     0.000
output external delay                                            0.000     0.000
data required time                                                         0.000
--------------------------------------------------------------------------------
data required time                                                         0.000
data arrival time                                                         -1.774
--------------------------------------------------------------------------------
slack (VIOLATED)                                                          -1.774


#End of timing report
