#Timing report of worst 1 path(s)
# Unit scale: 1e-09 seconds
# Output precision: 3

#Path 1
Startpoint: di.inpad[0] (.input clocked by virtual_io_clock)
Endpoint  : out:do.outpad[0] (.output clocked by virtual_io_clock)
Path Type : setup

Point                                                             Incr      Path
--------------------------------------------------------------------------------
clock virtual_io_clock (rise edge)                               0.000     0.000
clock source latency                                             0.000     0.000
input external delay                                             0.000     0.000
di.inpad[0] (.input)                                             0.000     0.000
out:do.outpad[0] (.output)                                       1.338     1.338
data arrival time                                                          1.338

clock virtual_io_clock (rise edge)                               0.000     0.000
clock source latency                                             0.000     0.000
clock uncertainty                                                0.000     0.000
output external delay                                            0.000     0.000
data required time                                                         0.000
--------------------------------------------------------------------------------
data required time                                                         0.000
data arrival time                                                         -1.338
--------------------------------------------------------------------------------
slack (VIOLATED)                                                          -1.338


#End of timing report
