#Timing report of worst 21 path(s)
# Unit scale: 1e-09 seconds
# Output precision: 3

#Path 1
Startpoint: b0.inpad[0] (.input clocked by virtual_io_clock)
Endpoint  : out:d1.outpad[0] (.output clocked by virtual_io_clock)
Path Type : setup

Point                                                             Incr      Path
--------------------------------------------------------------------------------
clock virtual_io_clock (rise edge)                               0.000     0.000
clock source latency                                             0.000     0.000
input external delay                                             0.000     0.000
b0.inpad[0] (.input)                                             0.000     0.000
[22].in[0] (.names)                                              1.338     1.338
[22].out[0] (.names)                                             0.261     1.599
d1.in[4] (.names)                                                1.338     2.937
d1.out[0] (.names)                                               0.261     3.198
out:d1.outpad[0] (.output)                                       1.338     4.535
data arrival time                                                          4.535

clock virtual_io_clock (rise edge)                               0.000     0.000
clock source latency                                             0.000     0.000
clock uncertainty                                                0.000     0.000
output external delay                                            0.000     0.000
data required time                                                         0.000
--------------------------------------------------------------------------------
data required time                                                         0.000
data arrival time                                                         -4.535
--------------------------------------------------------------------------------
slack (VIOLATED)                                                          -4.535


#Path 2
Startpoint: b0.inpad[0] (.input clocked by virtual_io_clock)
Endpoint  : out:c1.outpad[0] (.output clocked by virtual_io_clock)
Path Type : setup

Point                                                             Incr      Path
--------------------------------------------------------------------------------
clock virtual_io_clock (rise edge)                               0.000     0.000
clock source latency                                             0.000     0.000
input external delay                                             0.000     0.000
b0.inpad[0] (.input)                                             0.000     0.000
[22].in[0] (.names)                                              1.338     1.338
[22].out[0] (.names)                                             0.261     1.599
c1.in[4] (.names)                                                1.338     2.937
c1.out[0] (.names)                                               0.261     3.198
out:c1.outpad[0] (.output)                                       1.338     4.535
data arrival time                                                          4.535

clock virtual_io_clock (rise edge)                               0.000     0.000
clock source latency                                             0.000     0.000
clock uncertainty                                                0.000     0.000
output external delay                                            0.000     0.000
data required time                                                         0.000
--------------------------------------------------------------------------------
data required time                                                         0.000
data arrival time                                                         -4.535
--------------------------------------------------------------------------------
slack (VIOLATED)                                                          -4.535


#Path 3
Startpoint: i.inpad[0] (.input clocked by virtual_io_clock)
Endpoint  : out:i1.outpad[0] (.output clocked by virtual_io_clock)
Path Type : setup

Point                                                             Incr      Path
--------------------------------------------------------------------------------
clock virtual_io_clock (rise edge)                               0.000     0.000
clock source latency                                             0.000     0.000
input external delay                                             0.000     0.000
i.inpad[0] (.input)                                              0.000     0.000
[247].in[0] (.names)                                             1.338     1.338
[247].out[0] (.names)                                            0.261     1.599
na1.in[5] (.names)                                               1.338     2.937
na1.out[0] (.names)                                              0.261     3.198
out:i1.outpad[0] (.output)                                       1.338     4.535
data arrival time                                                          4.535

clock virtual_io_clock (rise edge)                               0.000     0.000
clock source latency                                             0.000     0.000
clock uncertainty                                                0.000     0.000
output external delay                                            0.000     0.000
data required time                                                         0.000
--------------------------------------------------------------------------------
data required time                                                         0.000
data arrival time                                                         -4.535
--------------------------------------------------------------------------------
slack (VIOLATED)                                                          -4.535


#Path 4
Startpoint: i.inpad[0] (.input clocked by virtual_io_clock)
Endpoint  : out:a1.outpad[0] (.output clocked by virtual_io_clock)
Path Type : setup

Point                                                             Incr      Path
--------------------------------------------------------------------------------
clock virtual_io_clock (rise edge)                               0.000     0.000
clock source latency                                             0.000     0.000
input external delay                                             0.000     0.000
i.inpad[0] (.input)                                              0.000     0.000
[247].in[0] (.names)                                             1.338     1.338
[247].out[0] (.names)                                            0.261     1.599
na1.in[5] (.names)                                               1.338     2.937
na1.out[0] (.names)                                              0.261     3.198
out:a1.outpad[0] (.output)                                       1.338     4.535
data arrival time                                                          4.535

clock virtual_io_clock (rise edge)                               0.000     0.000
clock source latency                                             0.000     0.000
clock uncertainty                                                0.000     0.000
output external delay                                            0.000     0.000
data required time                                                         0.000
--------------------------------------------------------------------------------
data required time                                                         0.000
data arrival time                                                         -4.535
--------------------------------------------------------------------------------
slack (VIOLATED)                                                          -4.535


#Path 5
Startpoint: i.inpad[0] (.input clocked by virtual_io_clock)
Endpoint  : out:h1.outpad[0] (.output clocked by virtual_io_clock)
Path Type : setup

Point                                                             Incr      Path
--------------------------------------------------------------------------------
clock virtual_io_clock (rise edge)                               0.000     0.000
clock source latency                                             0.000     0.000
input external delay                                             0.000     0.000
i.inpad[0] (.input)                                              0.000     0.000
[247].in[0] (.names)                                             1.338     1.338
[247].out[0] (.names)                                            0.261     1.599
h1.in[5] (.names)                                                1.338     2.937
h1.out[0] (.names)                                               0.261     3.198
out:h1.outpad[0] (.output)                                       1.338     4.535
data arrival time                                                          4.535

clock virtual_io_clock (rise edge)                               0.000     0.000
clock source latency                                             0.000     0.000
clock uncertainty                                                0.000     0.000
output external delay                                            0.000     0.000
data required time                                                         0.000
--------------------------------------------------------------------------------
data required time                                                         0.000
data arrival time                                                         -4.535
--------------------------------------------------------------------------------
slack (VIOLATED)                                                          -4.535


#Path 6
Startpoint: i.inpad[0] (.input clocked by virtual_io_clock)
Endpoint  : out:j1.outpad[0] (.output clocked by virtual_io_clock)
Path Type : setup

Point                                                             Incr      Path
--------------------------------------------------------------------------------
clock virtual_io_clock (rise edge)                               0.000     0.000
clock source latency                                             0.000     0.000
input external delay                                             0.000     0.000
i.inpad[0] (.input)                                              0.000     0.000
[259].in[0] (.names)                                             1.338     1.338
[259].out[0] (.names)                                            0.261     1.599
j1.in[4] (.names)                                                1.338     2.937
j1.out[0] (.names)                                               0.235     3.172
out:j1.outpad[0] (.output)                                       1.338     4.509
data arrival time                                                          4.509

clock virtual_io_clock (rise edge)                               0.000     0.000
clock source latency                                             0.000     0.000
clock uncertainty                                                0.000     0.000
output external delay                                            0.000     0.000
data required time                                                         0.000
--------------------------------------------------------------------------------
data required time                                                         0.000
data arrival time                                                         -4.509
--------------------------------------------------------------------------------
slack (VIOLATED)                                                          -4.509


#Path 7
Startpoint: c.inpad[0] (.input clocked by virtual_io_clock)
Endpoint  : out:r0.outpad[0] (.output clocked by virtual_io_clock)
Path Type : setup

Point                                                             Incr      Path
--------------------------------------------------------------------------------
clock virtual_io_clock (rise edge)                               0.000     0.000
clock source latency                                             0.000     0.000
input external delay                                             0.000     0.000
c.inpad[0] (.input)                                              0.000     0.000
[238].in[0] (.names)                                             1.338     1.338
[238].out[0] (.names)                                            0.235     1.573
r0.in[5] (.names)                                                1.338     2.911
r0.out[0] (.names)                                               0.261     3.172
out:r0.outpad[0] (.output)                                       1.338     4.509
data arrival time                                                          4.509

clock virtual_io_clock (rise edge)                               0.000     0.000
clock source latency                                             0.000     0.000
clock uncertainty                                                0.000     0.000
output external delay                                            0.000     0.000
data required time                                                         0.000
--------------------------------------------------------------------------------
data required time                                                         0.000
data arrival time                                                         -4.509
--------------------------------------------------------------------------------
slack (VIOLATED)                                                          -4.509


#Path 8
Startpoint: o.inpad[0] (.input clocked by virtual_io_clock)
Endpoint  : out:w0.outpad[0] (.output clocked by virtual_io_clock)
Path Type : setup

Point                                                             Incr      Path
--------------------------------------------------------------------------------
clock virtual_io_clock (rise edge)                               0.000     0.000
clock source latency                                             0.000     0.000
input external delay                                             0.000     0.000
o.inpad[0] (.input)                                              0.000     0.000
[41].in[0] (.names)                                              1.338     1.338
[41].out[0] (.names)                                             0.235     1.573
w0.in[5] (.names)                                                1.338     2.911
w0.out[0] (.names)                                               0.261     3.172
out:w0.outpad[0] (.output)                                       1.338     4.509
data arrival time                                                          4.509

clock virtual_io_clock (rise edge)                               0.000     0.000
clock source latency                                             0.000     0.000
clock uncertainty                                                0.000     0.000
output external delay                                            0.000     0.000
data required time                                                         0.000
--------------------------------------------------------------------------------
data required time                                                         0.000
data arrival time                                                         -4.509
--------------------------------------------------------------------------------
slack (VIOLATED)                                                          -4.509


#Path 9
Startpoint: k.inpad[0] (.input clocked by virtual_io_clock)
Endpoint  : out:p0.outpad[0] (.output clocked by virtual_io_clock)
Path Type : setup

Point                                                             Incr      Path
--------------------------------------------------------------------------------
clock virtual_io_clock (rise edge)                               0.000     0.000
clock source latency                                             0.000     0.000
input external delay                                             0.000     0.000
k.inpad[0] (.input)                                              0.000     0.000
[76].in[0] (.names)                                              1.338     1.338
[76].out[0] (.names)                                             0.235     1.573
p0.in[3] (.names)                                                1.338     2.911
p0.out[0] (.names)                                               0.235     3.146
out:p0.outpad[0] (.output)                                       1.338     4.483
data arrival time                                                          4.483

clock virtual_io_clock (rise edge)                               0.000     0.000
clock source latency                                             0.000     0.000
clock uncertainty                                                0.000     0.000
output external delay                                            0.000     0.000
data required time                                                         0.000
--------------------------------------------------------------------------------
data required time                                                         0.000
data arrival time                                                         -4.483
--------------------------------------------------------------------------------
slack (VIOLATED)                                                          -4.483


#Path 10
Startpoint: k.inpad[0] (.input clocked by virtual_io_clock)
Endpoint  : out:b1.outpad[0] (.output clocked by virtual_io_clock)
Path Type : setup

Point                                                             Incr      Path
--------------------------------------------------------------------------------
clock virtual_io_clock (rise edge)                               0.000     0.000
clock source latency                                             0.000     0.000
input external delay                                             0.000     0.000
k.inpad[0] (.input)                                              0.000     0.000
[76].in[0] (.names)                                              1.338     1.338
[76].out[0] (.names)                                             0.235     1.573
b1.in[4] (.names)                                                1.338     2.911
b1.out[0] (.names)                                               0.235     3.146
out:b1.outpad[0] (.output)                                       1.338     4.483
data arrival time                                                          4.483

clock virtual_io_clock (rise edge)                               0.000     0.000
clock source latency                                             0.000     0.000
clock uncertainty                                                0.000     0.000
output external delay                                            0.000     0.000
data required time                                                         0.000
--------------------------------------------------------------------------------
data required time                                                         0.000
data arrival time                                                         -4.483
--------------------------------------------------------------------------------
slack (VIOLATED)                                                          -4.483


#Path 11
Startpoint: b0.inpad[0] (.input clocked by virtual_io_clock)
Endpoint  : out:q0.outpad[0] (.output clocked by virtual_io_clock)
Path Type : setup

Point                                                             Incr      Path
--------------------------------------------------------------------------------
clock virtual_io_clock (rise edge)                               0.000     0.000
clock source latency                                             0.000     0.000
input external delay                                             0.000     0.000
b0.inpad[0] (.input)                                             0.000     0.000
[29].in[0] (.names)                                              1.338     1.338
[29].out[0] (.names)                                             0.261     1.599
q0.in[1] (.names)                                                1.338     2.937
q0.out[0] (.names)                                               0.195     3.132
out:q0.outpad[0] (.output)                                       1.338     4.469
data arrival time                                                          4.469

clock virtual_io_clock (rise edge)                               0.000     0.000
clock source latency                                             0.000     0.000
clock uncertainty                                                0.000     0.000
output external delay                                            0.000     0.000
data required time                                                         0.000
--------------------------------------------------------------------------------
data required time                                                         0.000
data arrival time                                                         -4.469
--------------------------------------------------------------------------------
slack (VIOLATED)                                                          -4.469


#Path 12
Startpoint: b0.inpad[0] (.input clocked by virtual_io_clock)
Endpoint  : out:z0.outpad[0] (.output clocked by virtual_io_clock)
Path Type : setup

Point                                                             Incr      Path
--------------------------------------------------------------------------------
clock virtual_io_clock (rise edge)                               0.000     0.000
clock source latency                                             0.000     0.000
input external delay                                             0.000     0.000
b0.inpad[0] (.input)                                             0.000     0.000
[23].in[0] (.names)                                              1.338     1.338
[23].out[0] (.names)                                             0.195     1.533
z0.in[1] (.names)                                                1.338     2.871
z0.out[0] (.names)                                               0.261     3.132
out:z0.outpad[0] (.output)                                       1.338     4.469
data arrival time                                                          4.469

clock virtual_io_clock (rise edge)                               0.000     0.000
clock source latency                                             0.000     0.000
clock uncertainty                                                0.000     0.000
output external delay                                            0.000     0.000
data required time                                                         0.000
--------------------------------------------------------------------------------
data required time                                                         0.000
data arrival time                                                         -4.469
--------------------------------------------------------------------------------
slack (VIOLATED)                                                          -4.469


#Path 13
Startpoint: b0.inpad[0] (.input clocked by virtual_io_clock)
Endpoint  : out:t0.outpad[0] (.output clocked by virtual_io_clock)
Path Type : setup

Point                                                             Incr      Path
--------------------------------------------------------------------------------
clock virtual_io_clock (rise edge)                               0.000     0.000
clock source latency                                             0.000     0.000
input external delay                                             0.000     0.000
b0.inpad[0] (.input)                                             0.000     0.000
t0.in[0] (.names)                                                1.338     1.338
t0.out[0] (.names)                                               0.235     1.573
out:t0.outpad[0] (.output)                                       1.338     2.911
data arrival time                                                          2.911

clock virtual_io_clock (rise edge)                               0.000     0.000
clock source latency                                             0.000     0.000
clock uncertainty                                                0.000     0.000
output external delay                                            0.000     0.000
data required time                                                         0.000
--------------------------------------------------------------------------------
data required time                                                         0.000
data arrival time                                                         -2.911
--------------------------------------------------------------------------------
slack (VIOLATED)                                                          -2.911


#Path 14
Startpoint: b0.inpad[0] (.input clocked by virtual_io_clock)
Endpoint  : out:s0.outpad[0] (.output clocked by virtual_io_clock)
Path Type : setup

Point                                                             Incr      Path
--------------------------------------------------------------------------------
clock virtual_io_clock (rise edge)                               0.000     0.000
clock source latency                                             0.000     0.000
input external delay                                             0.000     0.000
b0.inpad[0] (.input)                                             0.000     0.000
s0.in[0] (.names)                                                1.338     1.338
s0.out[0] (.names)                                               0.235     1.573
out:s0.outpad[0] (.output)                                       1.338     2.911
data arrival time                                                          2.911

clock virtual_io_clock (rise edge)                               0.000     0.000
clock source latency                                             0.000     0.000
clock uncertainty                                                0.000     0.000
output external delay                                            0.000     0.000
data required time                                                         0.000
--------------------------------------------------------------------------------
data required time                                                         0.000
data arrival time                                                         -2.911
--------------------------------------------------------------------------------
slack (VIOLATED)                                                          -2.911


#Path 15
Startpoint: b.inpad[0] (.input clocked by virtual_io_clock)
Endpoint  : out:f1.outpad[0] (.output clocked by virtual_io_clock)
Path Type : setup

Point                                                             Incr      Path
--------------------------------------------------------------------------------
clock virtual_io_clock (rise edge)                               0.000     0.000
clock source latency                                             0.000     0.000
input external delay                                             0.000     0.000
b.inpad[0] (.input)                                              0.000     0.000
f1.in[0] (.names)                                                1.338     1.338
f1.out[0] (.names)                                               0.195     1.533
out:f1.outpad[0] (.output)                                       1.338     2.871
data arrival time                                                          2.871

clock virtual_io_clock (rise edge)                               0.000     0.000
clock source latency                                             0.000     0.000
clock uncertainty                                                0.000     0.000
output external delay                                            0.000     0.000
data required time                                                         0.000
--------------------------------------------------------------------------------
data required time                                                         0.000
data arrival time                                                         -2.871
--------------------------------------------------------------------------------
slack (VIOLATED)                                                          -2.871


#Path 16
Startpoint: n0.inpad[0] (.input clocked by virtual_io_clock)
Endpoint  : out:x0.outpad[0] (.output clocked by virtual_io_clock)
Path Type : setup

Point                                                             Incr      Path
--------------------------------------------------------------------------------
clock virtual_io_clock (rise edge)                               0.000     0.000
clock source latency                                             0.000     0.000
input external delay                                             0.000     0.000
n0.inpad[0] (.input)                                             0.000     0.000
x0.in[0] (.names)                                                1.338     1.338
x0.out[0] (.names)                                               0.195     1.533
out:x0.outpad[0] (.output)                                       1.338     2.871
data arrival time                                                          2.871

clock virtual_io_clock (rise edge)                               0.000     0.000
clock source latency                                             0.000     0.000
clock uncertainty                                                0.000     0.000
output external delay                                            0.000     0.000
data required time                                                         0.000
--------------------------------------------------------------------------------
data required time                                                         0.000
data arrival time                                                         -2.871
--------------------------------------------------------------------------------
slack (VIOLATED)                                                          -2.871


#Path 17
Startpoint: b0.inpad[0] (.input clocked by virtual_io_clock)
Endpoint  : out:v0.outpad[0] (.output clocked by virtual_io_clock)
Path Type : setup

Point                                                             Incr      Path
--------------------------------------------------------------------------------
clock virtual_io_clock (rise edge)                               0.000     0.000
clock source latency                                             0.000     0.000
input external delay                                             0.000     0.000
b0.inpad[0] (.input)                                             0.000     0.000
v0.in[0] (.names)                                                1.338     1.338
v0.out[0] (.names)                                               0.195     1.533
out:v0.outpad[0] (.output)                                       1.338     2.871
data arrival time                                                          2.871

clock virtual_io_clock (rise edge)                               0.000     0.000
clock source latency                                             0.000     0.000
clock uncertainty                                                0.000     0.000
output external delay                                            0.000     0.000
data required time                                                         0.000
--------------------------------------------------------------------------------
data required time                                                         0.000
data arrival time                                                         -2.871
--------------------------------------------------------------------------------
slack (VIOLATED)                                                          -2.871


#Path 18
Startpoint: b0.inpad[0] (.input clocked by virtual_io_clock)
Endpoint  : out:u0.outpad[0] (.output clocked by virtual_io_clock)
Path Type : setup

Point                                                             Incr      Path
--------------------------------------------------------------------------------
clock virtual_io_clock (rise edge)                               0.000     0.000
clock source latency                                             0.000     0.000
input external delay                                             0.000     0.000
b0.inpad[0] (.input)                                             0.000     0.000
u0.in[0] (.names)                                                1.338     1.338
u0.out[0] (.names)                                               0.195     1.533
out:u0.outpad[0] (.output)                                       1.338     2.871
data arrival time                                                          2.871

clock virtual_io_clock (rise edge)                               0.000     0.000
clock source latency                                             0.000     0.000
clock uncertainty                                                0.000     0.000
output external delay                                            0.000     0.000
data required time                                                         0.000
--------------------------------------------------------------------------------
data required time                                                         0.000
data arrival time                                                         -2.871
--------------------------------------------------------------------------------
slack (VIOLATED)                                                          -2.871


#Path 19
Startpoint: b.inpad[0] (.input clocked by virtual_io_clock)
Endpoint  : out:g1.outpad[0] (.output clocked by virtual_io_clock)
Path Type : setup

Point                                                             Incr      Path
--------------------------------------------------------------------------------
clock virtual_io_clock (rise edge)                               0.000     0.000
clock source latency                                             0.000     0.000
input external delay                                             0.000     0.000
b.inpad[0] (.input)                                              0.000     0.000
g1.in[0] (.names)                                                1.338     1.338
g1.out[0] (.names)                                               0.195     1.533
out:g1.outpad[0] (.output)                                       1.338     2.871
data arrival time                                                          2.871

clock virtual_io_clock (rise edge)                               0.000     0.000
clock source latency                                             0.000     0.000
clock uncertainty                                                0.000     0.000
output external delay                                            0.000     0.000
data required time                                                         0.000
--------------------------------------------------------------------------------
data required time                                                         0.000
data arrival time                                                         -2.871
--------------------------------------------------------------------------------
slack (VIOLATED)                                                          -2.871


#Path 20
Startpoint: m.inpad[0] (.input clocked by virtual_io_clock)
Endpoint  : out:e1.outpad[0] (.output clocked by virtual_io_clock)
Path Type : setup

Point                                                             Incr      Path
--------------------------------------------------------------------------------
clock virtual_io_clock (rise edge)                               0.000     0.000
clock source latency                                             0.000     0.000
input external delay                                             0.000     0.000
m.inpad[0] (.input)                                              0.000     0.000
e1.in[0] (.names)                                                1.338     1.338
e1.out[0] (.names)                                               0.195     1.533
out:e1.outpad[0] (.output)                                       1.338     2.871
data arrival time                                                          2.871

clock virtual_io_clock (rise edge)                               0.000     0.000
clock source latency                                             0.000     0.000
clock uncertainty                                                0.000     0.000
output external delay                                            0.000     0.000
data required time                                                         0.000
--------------------------------------------------------------------------------
data required time                                                         0.000
data arrival time                                                         -2.871
--------------------------------------------------------------------------------
slack (VIOLATED)                                                          -2.871


#Path 21
Startpoint: l.inpad[0] (.input clocked by virtual_io_clock)
Endpoint  : out:y0.outpad[0] (.output clocked by virtual_io_clock)
Path Type : setup

Point                                                             Incr      Path
--------------------------------------------------------------------------------
clock virtual_io_clock (rise edge)                               0.000     0.000
clock source latency                                             0.000     0.000
input external delay                                             0.000     0.000
l.inpad[0] (.input)                                              0.000     0.000
y0.in[0] (.names)                                                1.338     1.338
y0.out[0] (.names)                                               0.195     1.533
out:y0.outpad[0] (.output)                                       1.338     2.871
data arrival time                                                          2.871

clock virtual_io_clock (rise edge)                               0.000     0.000
clock source latency                                             0.000     0.000
clock uncertainty                                                0.000     0.000
output external delay                                            0.000     0.000
data required time                                                         0.000
--------------------------------------------------------------------------------
data required time                                                         0.000
data arrival time                                                         -2.871
--------------------------------------------------------------------------------
slack (VIOLATED)                                                          -2.871


#End of timing report
