#Timing report of worst 4 path(s)
# Unit scale: 1e-09 seconds
# Output precision: 3

#Path 1
Startpoint: pc.inpad[0] (.input clocked by virtual_io_clock)
Endpoint  : out:pd.outpad[0] (.output clocked by virtual_io_clock)
Path Type : hold

Point                                                             Incr      Path
--------------------------------------------------------------------------------
clock virtual_io_clock (rise edge)                               0.000     0.000
clock source latency                                             0.000     0.000
input external delay                                             0.000     0.000
pc.inpad[0] (.input)                                             0.000     0.000
out:pd.outpad[0] (.output)                                       0.202     0.202
data arrival time                                                          0.202

clock virtual_io_clock (rise edge)                               0.000     0.000
clock source latency                                             0.000     0.000
clock uncertainty                                                0.000     0.000
output external delay                                            0.000     0.000
data required time                                                         0.000
--------------------------------------------------------------------------------
data required time                                                        -0.000
data arrival time                                                          0.202
--------------------------------------------------------------------------------
slack (MET)                                                                0.202


#Path 2
Startpoint: pc.inpad[0] (.input clocked by virtual_io_clock)
Endpoint  : out:pg.outpad[0] (.output clocked by virtual_io_clock)
Path Type : hold

Point                                                             Incr      Path
--------------------------------------------------------------------------------
clock virtual_io_clock (rise edge)                               0.000     0.000
clock source latency                                             0.000     0.000
input external delay                                             0.000     0.000
pc.inpad[0] (.input)                                             0.000     0.000
pg.in[0] (.names)                                                0.260     0.260
pg.out[0] (.names)                                               0.174     0.434
out:pg.outpad[0] (.output)                                       0.340     0.774
data arrival time                                                          0.774

clock virtual_io_clock (rise edge)                               0.000     0.000
clock source latency                                             0.000     0.000
clock uncertainty                                                0.000     0.000
output external delay                                            0.000     0.000
data required time                                                         0.000
--------------------------------------------------------------------------------
data required time                                                        -0.000
data arrival time                                                          0.774
--------------------------------------------------------------------------------
slack (MET)                                                                0.774


#Path 3
Startpoint: pa.inpad[0] (.input clocked by virtual_io_clock)
Endpoint  : out:pf.outpad[0] (.output clocked by virtual_io_clock)
Path Type : hold

Point                                                             Incr      Path
--------------------------------------------------------------------------------
clock virtual_io_clock (rise edge)                               0.000     0.000
clock source latency                                             0.000     0.000
input external delay                                             0.000     0.000
pa.inpad[0] (.input)                                             0.000     0.000
pf.in[0] (.names)                                                0.260     0.260
pf.out[0] (.names)                                               0.174     0.434
out:pf.outpad[0] (.output)                                       0.879     1.312
data arrival time                                                          1.312

clock virtual_io_clock (rise edge)                               0.000     0.000
clock source latency                                             0.000     0.000
clock uncertainty                                                0.000     0.000
output external delay                                            0.000     0.000
data required time                                                         0.000
--------------------------------------------------------------------------------
data required time                                                        -0.000
data arrival time                                                          1.312
--------------------------------------------------------------------------------
slack (MET)                                                                1.312


#Path 4
Startpoint: pa.inpad[0] (.input clocked by virtual_io_clock)
Endpoint  : out:pe.outpad[0] (.output clocked by virtual_io_clock)
Path Type : hold

Point                                                             Incr      Path
--------------------------------------------------------------------------------
clock virtual_io_clock (rise edge)                               0.000     0.000
clock source latency                                             0.000     0.000
input external delay                                             0.000     0.000
pa.inpad[0] (.input)                                             0.000     0.000
pe.in[0] (.names)                                                0.260     0.260
pe.out[0] (.names)                                               0.174     0.434
out:pe.outpad[0] (.output)                                       1.033     1.467
data arrival time                                                          1.467

clock virtual_io_clock (rise edge)                               0.000     0.000
clock source latency                                             0.000     0.000
clock uncertainty                                                0.000     0.000
output external delay                                            0.000     0.000
data required time                                                         0.000
--------------------------------------------------------------------------------
data required time                                                        -0.000
data arrival time                                                          1.467
--------------------------------------------------------------------------------
slack (MET)                                                                1.467


#End of timing report
