#Timing report of worst 4 path(s)
# Unit scale: 1e-09 seconds
# Output precision: 3

#Path 1
Startpoint: pb.inpad[0] (.input clocked by virtual_io_clock)
Endpoint  : out:pe.outpad[0] (.output clocked by virtual_io_clock)
Path Type : setup

Point                                                             Incr      Path
--------------------------------------------------------------------------------
clock virtual_io_clock (rise edge)                               0.000     0.000
clock source latency                                             0.000     0.000
input external delay                                             0.000     0.000
pb.inpad[0] (.input)                                             0.000     0.000
pe.in[1] (.names)                                                0.287     0.287
pe.out[0] (.names)                                               0.235     0.522
out:pe.outpad[0] (.output)                                       1.034     1.556
data arrival time                                                          1.556

clock virtual_io_clock (rise edge)                               0.000     0.000
clock source latency                                             0.000     0.000
clock uncertainty                                                0.000     0.000
output external delay                                            0.000     0.000
data required time                                                         0.000
--------------------------------------------------------------------------------
data required time                                                         0.000
data arrival time                                                         -1.556
--------------------------------------------------------------------------------
slack (VIOLATED)                                                          -1.556


#Path 2
Startpoint: pb.inpad[0] (.input clocked by virtual_io_clock)
Endpoint  : out:pf.outpad[0] (.output clocked by virtual_io_clock)
Path Type : setup

Point                                                             Incr      Path
--------------------------------------------------------------------------------
clock virtual_io_clock (rise edge)                               0.000     0.000
clock source latency                                             0.000     0.000
input external delay                                             0.000     0.000
pb.inpad[0] (.input)                                             0.000     0.000
pf.in[1] (.names)                                                0.287     0.287
pf.out[0] (.names)                                               0.235     0.522
out:pf.outpad[0] (.output)                                       0.880     1.402
data arrival time                                                          1.402

clock virtual_io_clock (rise edge)                               0.000     0.000
clock source latency                                             0.000     0.000
clock uncertainty                                                0.000     0.000
output external delay                                            0.000     0.000
data required time                                                         0.000
--------------------------------------------------------------------------------
data required time                                                         0.000
data arrival time                                                         -1.402
--------------------------------------------------------------------------------
slack (VIOLATED)                                                          -1.402


#Path 3
Startpoint: pc.inpad[0] (.input clocked by virtual_io_clock)
Endpoint  : out:pg.outpad[0] (.output clocked by virtual_io_clock)
Path Type : setup

Point                                                             Incr      Path
--------------------------------------------------------------------------------
clock virtual_io_clock (rise edge)                               0.000     0.000
clock source latency                                             0.000     0.000
input external delay                                             0.000     0.000
pc.inpad[0] (.input)                                             0.000     0.000
pg.in[0] (.names)                                                0.286     0.286
pg.out[0] (.names)                                               0.235     0.521
out:pg.outpad[0] (.output)                                       0.342     0.863
data arrival time                                                          0.863

clock virtual_io_clock (rise edge)                               0.000     0.000
clock source latency                                             0.000     0.000
clock uncertainty                                                0.000     0.000
output external delay                                            0.000     0.000
data required time                                                         0.000
--------------------------------------------------------------------------------
data required time                                                         0.000
data arrival time                                                         -0.863
--------------------------------------------------------------------------------
slack (VIOLATED)                                                          -0.863


#Path 4
Startpoint: pc.inpad[0] (.input clocked by virtual_io_clock)
Endpoint  : out:pd.outpad[0] (.output clocked by virtual_io_clock)
Path Type : setup

Point                                                             Incr      Path
--------------------------------------------------------------------------------
clock virtual_io_clock (rise edge)                               0.000     0.000
clock source latency                                             0.000     0.000
input external delay                                             0.000     0.000
pc.inpad[0] (.input)                                             0.000     0.000
out:pd.outpad[0] (.output)                                       0.206     0.206
data arrival time                                                          0.206

clock virtual_io_clock (rise edge)                               0.000     0.000
clock source latency                                             0.000     0.000
clock uncertainty                                                0.000     0.000
output external delay                                            0.000     0.000
data required time                                                         0.000
--------------------------------------------------------------------------------
data required time                                                         0.000
data arrival time                                                         -0.206
--------------------------------------------------------------------------------
slack (VIOLATED)                                                          -0.206


#End of timing report
